Archive member included to satisfy reference by file (symbol)

d:/program files/atmel/studio/7.0/toolchain/avr8/avr8-gnu-toolchain/bin/../lib/gcc/avr/5.4.0/../../../../avr/lib/avr5\libm.a(addsf3.o)
                              src/ConvLib.o (__subsf3)
d:/program files/atmel/studio/7.0/toolchain/avr8/avr8-gnu-toolchain/bin/../lib/gcc/avr/5.4.0/../../../../avr/lib/avr5\libm.a(addsf3x.o)
                              d:/program files/atmel/studio/7.0/toolchain/avr8/avr8-gnu-toolchain/bin/../lib/gcc/avr/5.4.0/../../../../avr/lib/avr5\libm.a(addsf3.o) (__addsf3x)
d:/program files/atmel/studio/7.0/toolchain/avr8/avr8-gnu-toolchain/bin/../lib/gcc/avr/5.4.0/../../../../avr/lib/avr5\libm.a(cmpsf2.o)
                              src/ConvLib.o (__ltsf2)
d:/program files/atmel/studio/7.0/toolchain/avr8/avr8-gnu-toolchain/bin/../lib/gcc/avr/5.4.0/../../../../avr/lib/avr5\libm.a(fixsfsi.o)
                              src/ConvLib.o (__fixsfsi)
d:/program files/atmel/studio/7.0/toolchain/avr8/avr8-gnu-toolchain/bin/../lib/gcc/avr/5.4.0/../../../../avr/lib/avr5\libm.a(fixunssfsi.o)
                              src/ConvLib.o (__fixunssfsi)
d:/program files/atmel/studio/7.0/toolchain/avr8/avr8-gnu-toolchain/bin/../lib/gcc/avr/5.4.0/../../../../avr/lib/avr5\libm.a(floatsisf.o)
                              src/ConvLib.o (__floatsisf)
d:/program files/atmel/studio/7.0/toolchain/avr8/avr8-gnu-toolchain/bin/../lib/gcc/avr/5.4.0/../../../../avr/lib/avr5\libm.a(fp_cmp.o)
                              d:/program files/atmel/studio/7.0/toolchain/avr8/avr8-gnu-toolchain/bin/../lib/gcc/avr/5.4.0/../../../../avr/lib/avr5\libm.a(cmpsf2.o) (__fp_cmp)
d:/program files/atmel/studio/7.0/toolchain/avr8/avr8-gnu-toolchain/bin/../lib/gcc/avr/5.4.0/../../../../avr/lib/avr5\libm.a(fp_inf.o)
                              d:/program files/atmel/studio/7.0/toolchain/avr8/avr8-gnu-toolchain/bin/../lib/gcc/avr/5.4.0/../../../../avr/lib/avr5\libm.a(addsf3x.o) (__fp_inf)
d:/program files/atmel/studio/7.0/toolchain/avr8/avr8-gnu-toolchain/bin/../lib/gcc/avr/5.4.0/../../../../avr/lib/avr5\libm.a(fp_nan.o)
                              d:/program files/atmel/studio/7.0/toolchain/avr8/avr8-gnu-toolchain/bin/../lib/gcc/avr/5.4.0/../../../../avr/lib/avr5\libm.a(addsf3x.o) (__fp_nan)
d:/program files/atmel/studio/7.0/toolchain/avr8/avr8-gnu-toolchain/bin/../lib/gcc/avr/5.4.0/../../../../avr/lib/avr5\libm.a(fp_pscA.o)
                              d:/program files/atmel/studio/7.0/toolchain/avr8/avr8-gnu-toolchain/bin/../lib/gcc/avr/5.4.0/../../../../avr/lib/avr5\libm.a(addsf3x.o) (__fp_pscA)
d:/program files/atmel/studio/7.0/toolchain/avr8/avr8-gnu-toolchain/bin/../lib/gcc/avr/5.4.0/../../../../avr/lib/avr5\libm.a(fp_pscB.o)
                              d:/program files/atmel/studio/7.0/toolchain/avr8/avr8-gnu-toolchain/bin/../lib/gcc/avr/5.4.0/../../../../avr/lib/avr5\libm.a(addsf3x.o) (__fp_pscB)
d:/program files/atmel/studio/7.0/toolchain/avr8/avr8-gnu-toolchain/bin/../lib/gcc/avr/5.4.0/../../../../avr/lib/avr5\libm.a(fp_round.o)
                              d:/program files/atmel/studio/7.0/toolchain/avr8/avr8-gnu-toolchain/bin/../lib/gcc/avr/5.4.0/../../../../avr/lib/avr5\libm.a(addsf3.o) (__fp_round)
d:/program files/atmel/studio/7.0/toolchain/avr8/avr8-gnu-toolchain/bin/../lib/gcc/avr/5.4.0/../../../../avr/lib/avr5\libm.a(fp_split3.o)
                              d:/program files/atmel/studio/7.0/toolchain/avr8/avr8-gnu-toolchain/bin/../lib/gcc/avr/5.4.0/../../../../avr/lib/avr5\libm.a(addsf3x.o) (__fp_split3)
d:/program files/atmel/studio/7.0/toolchain/avr8/avr8-gnu-toolchain/bin/../lib/gcc/avr/5.4.0/../../../../avr/lib/avr5\libm.a(fp_zero.o)
                              d:/program files/atmel/studio/7.0/toolchain/avr8/avr8-gnu-toolchain/bin/../lib/gcc/avr/5.4.0/../../../../avr/lib/avr5\libm.a(addsf3x.o) (__fp_zero)
d:/program files/atmel/studio/7.0/toolchain/avr8/avr8-gnu-toolchain/bin/../lib/gcc/avr/5.4.0/../../../../avr/lib/avr5\libm.a(mulsf3.o)
                              src/ConvLib.o (__mulsf3)
d:/program files/atmel/studio/7.0/toolchain/avr8/avr8-gnu-toolchain/bin/../lib/gcc/avr/5.4.0/../../../../avr/lib/avr5\libm.a(mulsf3x.o)
                              d:/program files/atmel/studio/7.0/toolchain/avr8/avr8-gnu-toolchain/bin/../lib/gcc/avr/5.4.0/../../../../avr/lib/avr5\libm.a(mulsf3.o) (__mulsf3x)
d:/program files/atmel/studio/7.0/toolchain/avr8/avr8-gnu-toolchain/bin/../lib/gcc/avr/5.4.0/avr5\libgcc.a(_divmodhi4.o)
                              src/ConvLib.o (__divmodhi4)
d:/program files/atmel/studio/7.0/toolchain/avr8/avr8-gnu-toolchain/bin/../lib/gcc/avr/5.4.0/avr5\libgcc.a(_udivmodsi4.o)
                              src/i2c_master.o (__udivmodsi4)
d:/program files/atmel/studio/7.0/toolchain/avr8/avr8-gnu-toolchain/bin/../lib/gcc/avr/5.4.0/avr5\libgcc.a(_exit.o)
                              D:/Program Files/Atmel/Studio/7.0/Packs/atmel/ATmega_DFP/1.6.364/gcc/dev/atmega328/avr5/crtatmega328.o (exit)
d:/program files/atmel/studio/7.0/toolchain/avr8/avr8-gnu-toolchain/bin/../lib/gcc/avr/5.4.0/avr5\libgcc.a(_copy_data.o)
                              main.o (__do_copy_data)
d:/program files/atmel/studio/7.0/toolchain/avr8/avr8-gnu-toolchain/bin/../lib/gcc/avr/5.4.0/avr5\libgcc.a(_clear_bss.o)
                              examples/src/i2c_master_example.o (__do_clear_bss)
d:/program files/atmel/studio/7.0/toolchain/avr8/avr8-gnu-toolchain/bin/../lib/gcc/avr/5.4.0/avr5\libgcc.a(_udivmodhi4.o)
                              d:/program files/atmel/studio/7.0/toolchain/avr8/avr8-gnu-toolchain/bin/../lib/gcc/avr/5.4.0/avr5\libgcc.a(_divmodhi4.o) (__udivmodhi4)

Allocating common symbols
Common symbol       size              file

cwFlag              0x1               main.o
ccwFlag             0x1               main.o
lcdLarge            0x31              main.o
read_data           0x2               examples/src/i2c_master_example.o

Discarded input sections

 .data          0x00000000        0x0 D:/Program Files/Atmel/Studio/7.0/Packs/atmel/ATmega_DFP/1.6.364/gcc/dev/atmega328/avr5/crtatmega328.o
 .bss           0x00000000        0x0 D:/Program Files/Atmel/Studio/7.0/Packs/atmel/ATmega_DFP/1.6.364/gcc/dev/atmega328/avr5/crtatmega328.o
 .text          0x00000000        0x0 atmel_start.o
 .data          0x00000000        0x0 atmel_start.o
 .bss           0x00000000        0x0 atmel_start.o
 .text          0x00000000        0x0 driver_isr.o
 .data          0x00000000        0x0 driver_isr.o
 .bss           0x00000000        0x0 driver_isr.o
 .debug_info    0x00000000       0x5d driver_isr.o
 .debug_abbrev  0x00000000       0x26 driver_isr.o
 .debug_aranges
                0x00000000       0x18 driver_isr.o
 .debug_line    0x00000000       0x1a driver_isr.o
 .debug_str     0x00000000      0x16f driver_isr.o
 .comment       0x00000000       0x31 driver_isr.o
 .text          0x00000000        0x0 examples/src/i2c_master_example.o
 .data          0x00000000        0x0 examples/src/i2c_master_example.o
 .bss           0x00000000        0x0 examples/src/i2c_master_example.o
 .text.I2C_0_read_handler
                0x00000000       0x1e examples/src/i2c_master_example.o
 .text.I2C_0_do_transfer
                0x00000000       0x8e examples/src/i2c_master_example.o
 .text.I2C_0_test_i2c_master
                0x00000000       0x10 examples/src/i2c_master_example.o
 .debug_info    0x00000000      0x326 examples/src/i2c_master_example.o
 .debug_abbrev  0x00000000      0x155 examples/src/i2c_master_example.o
 .debug_loc     0x00000000      0x19f examples/src/i2c_master_example.o
 .debug_aranges
                0x00000000       0x30 examples/src/i2c_master_example.o
 .debug_ranges  0x00000000       0x20 examples/src/i2c_master_example.o
 .debug_line    0x00000000      0x192 examples/src/i2c_master_example.o
 .debug_str     0x00000000      0x30f examples/src/i2c_master_example.o
 .comment       0x00000000       0x31 examples/src/i2c_master_example.o
 .debug_frame   0x00000000       0x60 examples/src/i2c_master_example.o
 COMMON         0x00000000        0x2 examples/src/i2c_master_example.o
 .text          0x00000000        0x0 main.o
 .data          0x00000000        0x0 main.o
 .bss           0x00000000        0x0 main.o
 .text.GetMenuItemCount
                0x00000000       0x38 main.o
 .text.GetPageSize
                0x00000000        0x6 main.o
 .bss.btnSelFlag
                0x00000000        0x1 main.o
 .data.currentSubPage
                0x00000000        0x1 main.o
 .bss.nextPage  0x00000000        0x1 main.o
 .bss.prevPage  0x00000000        0x1 main.o
 .text          0x00000000        0x0 src/ConvLib.o
 .data          0x00000000        0x0 src/ConvLib.o
 .bss           0x00000000        0x0 src/ConvLib.o
 .text.AsciiToInteger
                0x00000000       0x9c src/ConvLib.o
 .text.AsciiToFloat
                0x00000000      0x242 src/ConvLib.o
 .text.ReversePos
                0x00000000       0x3e src/ConvLib.o
 .text.IntegerToAscii
                0x00000000       0x64 src/ConvLib.o
 .text.IntegerToAsci
                0x00000000       0x4a src/ConvLib.o
 .text.FloatToAscii
                0x00000000      0x236 src/ConvLib.o
 .data.rounders
                0x00000000       0x2c src/ConvLib.o
 .debug_info    0x00000000      0x3b1 src/ConvLib.o
 .debug_abbrev  0x00000000      0x170 src/ConvLib.o
 .debug_loc     0x00000000      0xa6d src/ConvLib.o
 .debug_aranges
                0x00000000       0x48 src/ConvLib.o
 .debug_ranges  0x00000000       0x50 src/ConvLib.o
 .debug_line    0x00000000      0x45a src/ConvLib.o
 .debug_str     0x00000000      0x257 src/ConvLib.o
 .comment       0x00000000       0x31 src/ConvLib.o
 .debug_frame   0x00000000      0x124 src/ConvLib.o
 .text          0x00000000        0x0 src/driver_init.o
 .data          0x00000000        0x0 src/driver_init.o
 .bss           0x00000000        0x0 src/driver_init.o
 .text          0x00000000        0x0 src/hwinterface.o
 .data          0x00000000        0x0 src/hwinterface.o
 .bss           0x00000000        0x0 src/hwinterface.o
 .text.Readi2c  0x00000000        0x4 src/hwinterface.o
 .text.Starti2c
                0x00000000        0x6 src/hwinterface.o
 .text.Stopi2cTx
                0x00000000        0x6 src/hwinterface.o
 .text          0x00000000        0x0 src/i2cmasterdrv.o
 .data          0x00000000        0x0 src/i2cmasterdrv.o
 .bss           0x00000000        0x0 src/i2cmasterdrv.o
 .text          0x00000000        0x0 src/i2c_master.o
 .data          0x00000000        0x0 src/i2c_master.o
 .bss           0x00000000        0x0 src/i2c_master.o
 .text.I2C_0_do_I2C_RESET
                0x00000000       0x16 src/i2c_master.o
 .text.I2C_0_do_I2C_IDLE
                0x00000000       0x10 src/i2c_master.o
 .text.I2C_0_do_I2C_SEND_RESTART_READ
                0x00000000        0xe src/i2c_master.o
 .text.I2C_0_do_I2C_SEND_RESTART_WRITE
                0x00000000        0xe src/i2c_master.o
 .text.I2C_0_do_I2C_SEND_RESTART
                0x00000000        0xe src/i2c_master.o
 .text.I2C_0_do_I2C_SEND_STOP
                0x00000000       0x10 src/i2c_master.o
 .text.I2C_0_do_I2C_DO_ADDRESS_NACK
                0x00000000       0x3a src/i2c_master.o
 .text.I2C_0_do_I2C_SEND_ADR_READ
                0x00000000       0x3e src/i2c_master.o
 .text.I2C_0_do_I2C_SEND_ADR_WRITE
                0x00000000       0x38 src/i2c_master.o
 .text.I2C_0_do_I2C_RX_DO_ACK
                0x00000000       0x38 src/i2c_master.o
 .text.I2C_0_do_I2C_TX_DO_ACK
                0x00000000       0x14 src/i2c_master.o
 .text.I2C_0_do_I2C_DO_NACK_STOP
                0x00000000       0x10 src/i2c_master.o
 .text.I2C_0_do_I2C_DO_NACK_RESTART
                0x00000000        0xe src/i2c_master.o
 .text.I2C_0_do_I2C_TX
                0x00000000       0x86 src/i2c_master.o
 .text.I2C_0_do_I2C_RX
                0x00000000       0xbe src/i2c_master.o
 .text.I2C_0_do_I2C_TX_EMPTY
                0x00000000       0x90 src/i2c_master.o
 .text.I2C_0_do_I2C_BUS_COLLISION
                0x00000000       0x3a src/i2c_master.o
 .text.I2C_0_do_I2C_BUS_ERROR
                0x00000000       0x18 src/i2c_master.o
 .text.I2C_0_master_isr
                0x00000000       0x52 src/i2c_master.o
 .text.I2C_0_return_stop
                0x00000000        0x4 src/i2c_master.o
 .text.I2C_0_return_reset
                0x00000000        0x4 src/i2c_master.o
 .text.I2C_0_set_callback
                0x00000000       0x52 src/i2c_master.o
 .text.I2C_0_set_data_complete_callback
                0x00000000        0xc src/i2c_master.o
 .text.I2C_0_set_write_collision_callback
                0x00000000        0xc src/i2c_master.o
 .text.I2C_0_set_address_nack_callback
                0x00000000        0xc src/i2c_master.o
 .text.I2C_0_set_data_nack_callback
                0x00000000        0xc src/i2c_master.o
 .text.I2C_0_set_timeout_callback
                0x00000000        0xc src/i2c_master.o
 .text.I2C_0_open
                0x00000000       0x6a src/i2c_master.o
 .text.I2C_0_set_address
                0x00000000        0x6 src/i2c_master.o
 .text.I2C_0_close
                0x00000000       0x2c src/i2c_master.o
 .text.I2C_0_set_timeout
                0x00000000       0x1c src/i2c_master.o
 .text.I2C_0_set_baud_rate
                0x00000000       0x52 src/i2c_master.o
 .text.I2C_0_set_buffer
                0x00000000       0x1e src/i2c_master.o
 .text.I2C_0_master_operation
                0x00000000       0x62 src/i2c_master.o
 .text.I2C_0_master_read
                0x00000000        0x8 src/i2c_master.o
 .text.I2C_0_master_write
                0x00000000        0x8 src/i2c_master.o
 .text.I2C_0_poller
                0x00000000       0x30 src/i2c_master.o
 .data.I2C_0_fsmStateTable
                0x00000000       0x24 src/i2c_master.o
 .bss.I2C_0_status
                0x00000000       0x24 src/i2c_master.o
 .text          0x00000000        0x0 src/i2c_simple_master.o
 .data          0x00000000        0x0 src/i2c_simple_master.o
 .bss           0x00000000        0x0 src/i2c_simple_master.o
 .text.I2C_0_wr1RegCompleteHandler
                0x00000000       0x18 src/i2c_simple_master.o
 .text.I2C_0_rd1RegCompleteHandler
                0x00000000       0x18 src/i2c_simple_master.o
 .text.I2C_0_rd2RegCompleteHandler
                0x00000000       0x18 src/i2c_simple_master.o
 .text.I2C_0_wr2RegCompleteHandler
                0x00000000       0x18 src/i2c_simple_master.o
 .text.I2C_0_rdBlkRegCompleteHandler
                0x00000000       0x1e src/i2c_simple_master.o
 .text.I2C_0_write1ByteRegister
                0x00000000       0x88 src/i2c_simple_master.o
 .text.I2C_0_writeNBytes
                0x00000000       0x70 src/i2c_simple_master.o
 .text.I2C_0_read1ByteRegister
                0x00000000       0x80 src/i2c_simple_master.o
 .text.I2C_0_read2ByteRegister
                0x00000000       0x66 src/i2c_simple_master.o
 .text.I2C_0_write2ByteRegister
                0x00000000       0x8e src/i2c_simple_master.o
 .text.I2C_0_readDataBlock
                0x00000000       0x98 src/i2c_simple_master.o
 .text.I2C_0_readNBytes
                0x00000000       0x64 src/i2c_simple_master.o
 .debug_info    0x00000000      0x973 src/i2c_simple_master.o
 .debug_abbrev  0x00000000      0x15d src/i2c_simple_master.o
 .debug_loc     0x00000000      0x9d2 src/i2c_simple_master.o
 .debug_aranges
                0x00000000       0x78 src/i2c_simple_master.o
 .debug_ranges  0x00000000       0x68 src/i2c_simple_master.o
 .debug_line    0x00000000      0x51c src/i2c_simple_master.o
 .debug_str     0x00000000      0x3fc src/i2c_simple_master.o
 .comment       0x00000000       0x31 src/i2c_simple_master.o
 .debug_frame   0x00000000      0x1b4 src/i2c_simple_master.o
 .text          0x00000000        0x0 src/i2c_types.o
 .data          0x00000000        0x0 src/i2c_types.o
 .bss           0x00000000        0x0 src/i2c_types.o
 .text.i2c_cb_return_stop
                0x00000000        0x4 src/i2c_types.o
 .text.i2c_cb_return_reset
                0x00000000        0x4 src/i2c_types.o
 .text.i2c_cb_restart_write
                0x00000000        0x4 src/i2c_types.o
 .text.i2c_cb_restart_read
                0x00000000        0x4 src/i2c_types.o
 .debug_info    0x00000000      0x146 src/i2c_types.o
 .debug_abbrev  0x00000000       0x9d src/i2c_types.o
 .debug_loc     0x00000000       0x98 src/i2c_types.o
 .debug_aranges
                0x00000000       0x38 src/i2c_types.o
 .debug_ranges  0x00000000       0x28 src/i2c_types.o
 .debug_line    0x00000000       0xa2 src/i2c_types.o
 .debug_str     0x00000000      0x214 src/i2c_types.o
 .comment       0x00000000       0x31 src/i2c_types.o
 .debug_frame   0x00000000       0x54 src/i2c_types.o
 .text          0x00000000        0x0 src/lcdi2c.o
 .data          0x00000000        0x0 src/lcdi2c.o
 .bss           0x00000000        0x0 src/lcdi2c.o
 .text.PrintSpecialChar
                0x00000000       0xec src/lcdi2c.o
 .text.GoFirstLine
                0x00000000        0x8 src/lcdi2c.o
 .text.GoSecondLine
                0x00000000        0x8 src/lcdi2c.o
 .text.ClearDisplay1stLine16x2
                0x00000000       0x28 src/lcdi2c.o
 .text.ClearDisplay2ndLine16x2
                0x00000000       0x28 src/lcdi2c.o
 .text.ClearDisplay1stLine20x4
                0x00000000       0x28 src/lcdi2c.o
 .text.ClearDisplay2ndLine20x4
                0x00000000       0x28 src/lcdi2c.o
 .text.ClearDisplay3rdLine20x4
                0x00000000       0x28 src/lcdi2c.o
 .text.ClearDisplay4thLine20x4
                0x00000000       0x28 src/lcdi2c.o
 .text.ClearDisplay
                0x00000000        0x8 src/lcdi2c.o
 .text          0x00000000        0x0 src/protected_io.o
 .data          0x00000000        0x0 src/protected_io.o
 .bss           0x00000000        0x0 src/protected_io.o
 .text          0x00000000        0x0 d:/program files/atmel/studio/7.0/toolchain/avr8/avr8-gnu-toolchain/bin/../lib/gcc/avr/5.4.0/../../../../avr/lib/avr5\libm.a(addsf3.o)
 .data          0x00000000        0x0 d:/program files/atmel/studio/7.0/toolchain/avr8/avr8-gnu-toolchain/bin/../lib/gcc/avr/5.4.0/../../../../avr/lib/avr5\libm.a(addsf3.o)
 .bss           0x00000000        0x0 d:/program files/atmel/studio/7.0/toolchain/avr8/avr8-gnu-toolchain/bin/../lib/gcc/avr/5.4.0/../../../../avr/lib/avr5\libm.a(addsf3.o)
 .text          0x00000000        0x0 d:/program files/atmel/studio/7.0/toolchain/avr8/avr8-gnu-toolchain/bin/../lib/gcc/avr/5.4.0/../../../../avr/lib/avr5\libm.a(addsf3x.o)
 .data          0x00000000        0x0 d:/program files/atmel/studio/7.0/toolchain/avr8/avr8-gnu-toolchain/bin/../lib/gcc/avr/5.4.0/../../../../avr/lib/avr5\libm.a(addsf3x.o)
 .bss           0x00000000        0x0 d:/program files/atmel/studio/7.0/toolchain/avr8/avr8-gnu-toolchain/bin/../lib/gcc/avr/5.4.0/../../../../avr/lib/avr5\libm.a(addsf3x.o)
 .text          0x00000000        0x0 d:/program files/atmel/studio/7.0/toolchain/avr8/avr8-gnu-toolchain/bin/../lib/gcc/avr/5.4.0/../../../../avr/lib/avr5\libm.a(cmpsf2.o)
 .data          0x00000000        0x0 d:/program files/atmel/studio/7.0/toolchain/avr8/avr8-gnu-toolchain/bin/../lib/gcc/avr/5.4.0/../../../../avr/lib/avr5\libm.a(cmpsf2.o)
 .bss           0x00000000        0x0 d:/program files/atmel/studio/7.0/toolchain/avr8/avr8-gnu-toolchain/bin/../lib/gcc/avr/5.4.0/../../../../avr/lib/avr5\libm.a(cmpsf2.o)
 .text          0x00000000        0x0 d:/program files/atmel/studio/7.0/toolchain/avr8/avr8-gnu-toolchain/bin/../lib/gcc/avr/5.4.0/../../../../avr/lib/avr5\libm.a(fixsfsi.o)
 .data          0x00000000        0x0 d:/program files/atmel/studio/7.0/toolchain/avr8/avr8-gnu-toolchain/bin/../lib/gcc/avr/5.4.0/../../../../avr/lib/avr5\libm.a(fixsfsi.o)
 .bss           0x00000000        0x0 d:/program files/atmel/studio/7.0/toolchain/avr8/avr8-gnu-toolchain/bin/../lib/gcc/avr/5.4.0/../../../../avr/lib/avr5\libm.a(fixsfsi.o)
 .text          0x00000000        0x0 d:/program files/atmel/studio/7.0/toolchain/avr8/avr8-gnu-toolchain/bin/../lib/gcc/avr/5.4.0/../../../../avr/lib/avr5\libm.a(fixunssfsi.o)
 .data          0x00000000        0x0 d:/program files/atmel/studio/7.0/toolchain/avr8/avr8-gnu-toolchain/bin/../lib/gcc/avr/5.4.0/../../../../avr/lib/avr5\libm.a(fixunssfsi.o)
 .bss           0x00000000        0x0 d:/program files/atmel/studio/7.0/toolchain/avr8/avr8-gnu-toolchain/bin/../lib/gcc/avr/5.4.0/../../../../avr/lib/avr5\libm.a(fixunssfsi.o)
 .text          0x00000000        0x0 d:/program files/atmel/studio/7.0/toolchain/avr8/avr8-gnu-toolchain/bin/../lib/gcc/avr/5.4.0/../../../../avr/lib/avr5\libm.a(floatsisf.o)
 .data          0x00000000        0x0 d:/program files/atmel/studio/7.0/toolchain/avr8/avr8-gnu-toolchain/bin/../lib/gcc/avr/5.4.0/../../../../avr/lib/avr5\libm.a(floatsisf.o)
 .bss           0x00000000        0x0 d:/program files/atmel/studio/7.0/toolchain/avr8/avr8-gnu-toolchain/bin/../lib/gcc/avr/5.4.0/../../../../avr/lib/avr5\libm.a(floatsisf.o)
 .text          0x00000000        0x0 d:/program files/atmel/studio/7.0/toolchain/avr8/avr8-gnu-toolchain/bin/../lib/gcc/avr/5.4.0/../../../../avr/lib/avr5\libm.a(fp_cmp.o)
 .data          0x00000000        0x0 d:/program files/atmel/studio/7.0/toolchain/avr8/avr8-gnu-toolchain/bin/../lib/gcc/avr/5.4.0/../../../../avr/lib/avr5\libm.a(fp_cmp.o)
 .bss           0x00000000        0x0 d:/program files/atmel/studio/7.0/toolchain/avr8/avr8-gnu-toolchain/bin/../lib/gcc/avr/5.4.0/../../../../avr/lib/avr5\libm.a(fp_cmp.o)
 .text          0x00000000        0x0 d:/program files/atmel/studio/7.0/toolchain/avr8/avr8-gnu-toolchain/bin/../lib/gcc/avr/5.4.0/../../../../avr/lib/avr5\libm.a(fp_inf.o)
 .data          0x00000000        0x0 d:/program files/atmel/studio/7.0/toolchain/avr8/avr8-gnu-toolchain/bin/../lib/gcc/avr/5.4.0/../../../../avr/lib/avr5\libm.a(fp_inf.o)
 .bss           0x00000000        0x0 d:/program files/atmel/studio/7.0/toolchain/avr8/avr8-gnu-toolchain/bin/../lib/gcc/avr/5.4.0/../../../../avr/lib/avr5\libm.a(fp_inf.o)
 .text          0x00000000        0x0 d:/program files/atmel/studio/7.0/toolchain/avr8/avr8-gnu-toolchain/bin/../lib/gcc/avr/5.4.0/../../../../avr/lib/avr5\libm.a(fp_nan.o)
 .data          0x00000000        0x0 d:/program files/atmel/studio/7.0/toolchain/avr8/avr8-gnu-toolchain/bin/../lib/gcc/avr/5.4.0/../../../../avr/lib/avr5\libm.a(fp_nan.o)
 .bss           0x00000000        0x0 d:/program files/atmel/studio/7.0/toolchain/avr8/avr8-gnu-toolchain/bin/../lib/gcc/avr/5.4.0/../../../../avr/lib/avr5\libm.a(fp_nan.o)
 .text          0x00000000        0x0 d:/program files/atmel/studio/7.0/toolchain/avr8/avr8-gnu-toolchain/bin/../lib/gcc/avr/5.4.0/../../../../avr/lib/avr5\libm.a(fp_pscA.o)
 .data          0x00000000        0x0 d:/program files/atmel/studio/7.0/toolchain/avr8/avr8-gnu-toolchain/bin/../lib/gcc/avr/5.4.0/../../../../avr/lib/avr5\libm.a(fp_pscA.o)
 .bss           0x00000000        0x0 d:/program files/atmel/studio/7.0/toolchain/avr8/avr8-gnu-toolchain/bin/../lib/gcc/avr/5.4.0/../../../../avr/lib/avr5\libm.a(fp_pscA.o)
 .text          0x00000000        0x0 d:/program files/atmel/studio/7.0/toolchain/avr8/avr8-gnu-toolchain/bin/../lib/gcc/avr/5.4.0/../../../../avr/lib/avr5\libm.a(fp_pscB.o)
 .data          0x00000000        0x0 d:/program files/atmel/studio/7.0/toolchain/avr8/avr8-gnu-toolchain/bin/../lib/gcc/avr/5.4.0/../../../../avr/lib/avr5\libm.a(fp_pscB.o)
 .bss           0x00000000        0x0 d:/program files/atmel/studio/7.0/toolchain/avr8/avr8-gnu-toolchain/bin/../lib/gcc/avr/5.4.0/../../../../avr/lib/avr5\libm.a(fp_pscB.o)
 .text          0x00000000        0x0 d:/program files/atmel/studio/7.0/toolchain/avr8/avr8-gnu-toolchain/bin/../lib/gcc/avr/5.4.0/../../../../avr/lib/avr5\libm.a(fp_round.o)
 .data          0x00000000        0x0 d:/program files/atmel/studio/7.0/toolchain/avr8/avr8-gnu-toolchain/bin/../lib/gcc/avr/5.4.0/../../../../avr/lib/avr5\libm.a(fp_round.o)
 .bss           0x00000000        0x0 d:/program files/atmel/studio/7.0/toolchain/avr8/avr8-gnu-toolchain/bin/../lib/gcc/avr/5.4.0/../../../../avr/lib/avr5\libm.a(fp_round.o)
 .text          0x00000000        0x0 d:/program files/atmel/studio/7.0/toolchain/avr8/avr8-gnu-toolchain/bin/../lib/gcc/avr/5.4.0/../../../../avr/lib/avr5\libm.a(fp_split3.o)
 .data          0x00000000        0x0 d:/program files/atmel/studio/7.0/toolchain/avr8/avr8-gnu-toolchain/bin/../lib/gcc/avr/5.4.0/../../../../avr/lib/avr5\libm.a(fp_split3.o)
 .bss           0x00000000        0x0 d:/program files/atmel/studio/7.0/toolchain/avr8/avr8-gnu-toolchain/bin/../lib/gcc/avr/5.4.0/../../../../avr/lib/avr5\libm.a(fp_split3.o)
 .text          0x00000000        0x0 d:/program files/atmel/studio/7.0/toolchain/avr8/avr8-gnu-toolchain/bin/../lib/gcc/avr/5.4.0/../../../../avr/lib/avr5\libm.a(fp_zero.o)
 .data          0x00000000        0x0 d:/program files/atmel/studio/7.0/toolchain/avr8/avr8-gnu-toolchain/bin/../lib/gcc/avr/5.4.0/../../../../avr/lib/avr5\libm.a(fp_zero.o)
 .bss           0x00000000        0x0 d:/program files/atmel/studio/7.0/toolchain/avr8/avr8-gnu-toolchain/bin/../lib/gcc/avr/5.4.0/../../../../avr/lib/avr5\libm.a(fp_zero.o)
 .text          0x00000000        0x0 d:/program files/atmel/studio/7.0/toolchain/avr8/avr8-gnu-toolchain/bin/../lib/gcc/avr/5.4.0/../../../../avr/lib/avr5\libm.a(mulsf3.o)
 .data          0x00000000        0x0 d:/program files/atmel/studio/7.0/toolchain/avr8/avr8-gnu-toolchain/bin/../lib/gcc/avr/5.4.0/../../../../avr/lib/avr5\libm.a(mulsf3.o)
 .bss           0x00000000        0x0 d:/program files/atmel/studio/7.0/toolchain/avr8/avr8-gnu-toolchain/bin/../lib/gcc/avr/5.4.0/../../../../avr/lib/avr5\libm.a(mulsf3.o)
 .text          0x00000000        0x0 d:/program files/atmel/studio/7.0/toolchain/avr8/avr8-gnu-toolchain/bin/../lib/gcc/avr/5.4.0/../../../../avr/lib/avr5\libm.a(mulsf3x.o)
 .data          0x00000000        0x0 d:/program files/atmel/studio/7.0/toolchain/avr8/avr8-gnu-toolchain/bin/../lib/gcc/avr/5.4.0/../../../../avr/lib/avr5\libm.a(mulsf3x.o)
 .bss           0x00000000        0x0 d:/program files/atmel/studio/7.0/toolchain/avr8/avr8-gnu-toolchain/bin/../lib/gcc/avr/5.4.0/../../../../avr/lib/avr5\libm.a(mulsf3x.o)
 .text          0x00000000        0x0 d:/program files/atmel/studio/7.0/toolchain/avr8/avr8-gnu-toolchain/bin/../lib/gcc/avr/5.4.0/avr5\libgcc.a(_divmodhi4.o)
 .data          0x00000000        0x0 d:/program files/atmel/studio/7.0/toolchain/avr8/avr8-gnu-toolchain/bin/../lib/gcc/avr/5.4.0/avr5\libgcc.a(_divmodhi4.o)
 .bss           0x00000000        0x0 d:/program files/atmel/studio/7.0/toolchain/avr8/avr8-gnu-toolchain/bin/../lib/gcc/avr/5.4.0/avr5\libgcc.a(_divmodhi4.o)
 .text.libgcc.mul
                0x00000000        0x0 d:/program files/atmel/studio/7.0/toolchain/avr8/avr8-gnu-toolchain/bin/../lib/gcc/avr/5.4.0/avr5\libgcc.a(_divmodhi4.o)
 .text.libgcc   0x00000000        0x0 d:/program files/atmel/studio/7.0/toolchain/avr8/avr8-gnu-toolchain/bin/../lib/gcc/avr/5.4.0/avr5\libgcc.a(_divmodhi4.o)
 .text.libgcc.prologue
                0x00000000        0x0 d:/program files/atmel/studio/7.0/toolchain/avr8/avr8-gnu-toolchain/bin/../lib/gcc/avr/5.4.0/avr5\libgcc.a(_divmodhi4.o)
 .text.libgcc.builtins
                0x00000000        0x0 d:/program files/atmel/studio/7.0/toolchain/avr8/avr8-gnu-toolchain/bin/../lib/gcc/avr/5.4.0/avr5\libgcc.a(_divmodhi4.o)
 .text.libgcc.fmul
                0x00000000        0x0 d:/program files/atmel/studio/7.0/toolchain/avr8/avr8-gnu-toolchain/bin/../lib/gcc/avr/5.4.0/avr5\libgcc.a(_divmodhi4.o)
 .text.libgcc.fixed
                0x00000000        0x0 d:/program files/atmel/studio/7.0/toolchain/avr8/avr8-gnu-toolchain/bin/../lib/gcc/avr/5.4.0/avr5\libgcc.a(_divmodhi4.o)
 .text          0x00000000        0x0 d:/program files/atmel/studio/7.0/toolchain/avr8/avr8-gnu-toolchain/bin/../lib/gcc/avr/5.4.0/avr5\libgcc.a(_udivmodsi4.o)
 .data          0x00000000        0x0 d:/program files/atmel/studio/7.0/toolchain/avr8/avr8-gnu-toolchain/bin/../lib/gcc/avr/5.4.0/avr5\libgcc.a(_udivmodsi4.o)
 .bss           0x00000000        0x0 d:/program files/atmel/studio/7.0/toolchain/avr8/avr8-gnu-toolchain/bin/../lib/gcc/avr/5.4.0/avr5\libgcc.a(_udivmodsi4.o)
 .text.libgcc.mul
                0x00000000        0x0 d:/program files/atmel/studio/7.0/toolchain/avr8/avr8-gnu-toolchain/bin/../lib/gcc/avr/5.4.0/avr5\libgcc.a(_udivmodsi4.o)
 .text.libgcc.div
                0x00000000       0x44 d:/program files/atmel/studio/7.0/toolchain/avr8/avr8-gnu-toolchain/bin/../lib/gcc/avr/5.4.0/avr5\libgcc.a(_udivmodsi4.o)
 .text.libgcc   0x00000000        0x0 d:/program files/atmel/studio/7.0/toolchain/avr8/avr8-gnu-toolchain/bin/../lib/gcc/avr/5.4.0/avr5\libgcc.a(_udivmodsi4.o)
 .text.libgcc.prologue
                0x00000000        0x0 d:/program files/atmel/studio/7.0/toolchain/avr8/avr8-gnu-toolchain/bin/../lib/gcc/avr/5.4.0/avr5\libgcc.a(_udivmodsi4.o)
 .text.libgcc.builtins
                0x00000000        0x0 d:/program files/atmel/studio/7.0/toolchain/avr8/avr8-gnu-toolchain/bin/../lib/gcc/avr/5.4.0/avr5\libgcc.a(_udivmodsi4.o)
 .text.libgcc.fmul
                0x00000000        0x0 d:/program files/atmel/studio/7.0/toolchain/avr8/avr8-gnu-toolchain/bin/../lib/gcc/avr/5.4.0/avr5\libgcc.a(_udivmodsi4.o)
 .text.libgcc.fixed
                0x00000000        0x0 d:/program files/atmel/studio/7.0/toolchain/avr8/avr8-gnu-toolchain/bin/../lib/gcc/avr/5.4.0/avr5\libgcc.a(_udivmodsi4.o)
 .text          0x00000000        0x0 d:/program files/atmel/studio/7.0/toolchain/avr8/avr8-gnu-toolchain/bin/../lib/gcc/avr/5.4.0/avr5\libgcc.a(_exit.o)
 .data          0x00000000        0x0 d:/program files/atmel/studio/7.0/toolchain/avr8/avr8-gnu-toolchain/bin/../lib/gcc/avr/5.4.0/avr5\libgcc.a(_exit.o)
 .bss           0x00000000        0x0 d:/program files/atmel/studio/7.0/toolchain/avr8/avr8-gnu-toolchain/bin/../lib/gcc/avr/5.4.0/avr5\libgcc.a(_exit.o)
 .text.libgcc.mul
                0x00000000        0x0 d:/program files/atmel/studio/7.0/toolchain/avr8/avr8-gnu-toolchain/bin/../lib/gcc/avr/5.4.0/avr5\libgcc.a(_exit.o)
 .text.libgcc.div
                0x00000000        0x0 d:/program files/atmel/studio/7.0/toolchain/avr8/avr8-gnu-toolchain/bin/../lib/gcc/avr/5.4.0/avr5\libgcc.a(_exit.o)
 .text.libgcc   0x00000000        0x0 d:/program files/atmel/studio/7.0/toolchain/avr8/avr8-gnu-toolchain/bin/../lib/gcc/avr/5.4.0/avr5\libgcc.a(_exit.o)
 .text.libgcc.prologue
                0x00000000        0x0 d:/program files/atmel/studio/7.0/toolchain/avr8/avr8-gnu-toolchain/bin/../lib/gcc/avr/5.4.0/avr5\libgcc.a(_exit.o)
 .text.libgcc.builtins
                0x00000000        0x0 d:/program files/atmel/studio/7.0/toolchain/avr8/avr8-gnu-toolchain/bin/../lib/gcc/avr/5.4.0/avr5\libgcc.a(_exit.o)
 .text.libgcc.fmul
                0x00000000        0x0 d:/program files/atmel/studio/7.0/toolchain/avr8/avr8-gnu-toolchain/bin/../lib/gcc/avr/5.4.0/avr5\libgcc.a(_exit.o)
 .text.libgcc.fixed
                0x00000000        0x0 d:/program files/atmel/studio/7.0/toolchain/avr8/avr8-gnu-toolchain/bin/../lib/gcc/avr/5.4.0/avr5\libgcc.a(_exit.o)
 .text          0x00000000        0x0 d:/program files/atmel/studio/7.0/toolchain/avr8/avr8-gnu-toolchain/bin/../lib/gcc/avr/5.4.0/avr5\libgcc.a(_copy_data.o)
 .data          0x00000000        0x0 d:/program files/atmel/studio/7.0/toolchain/avr8/avr8-gnu-toolchain/bin/../lib/gcc/avr/5.4.0/avr5\libgcc.a(_copy_data.o)
 .bss           0x00000000        0x0 d:/program files/atmel/studio/7.0/toolchain/avr8/avr8-gnu-toolchain/bin/../lib/gcc/avr/5.4.0/avr5\libgcc.a(_copy_data.o)
 .text.libgcc.mul
                0x00000000        0x0 d:/program files/atmel/studio/7.0/toolchain/avr8/avr8-gnu-toolchain/bin/../lib/gcc/avr/5.4.0/avr5\libgcc.a(_copy_data.o)
 .text.libgcc.div
                0x00000000        0x0 d:/program files/atmel/studio/7.0/toolchain/avr8/avr8-gnu-toolchain/bin/../lib/gcc/avr/5.4.0/avr5\libgcc.a(_copy_data.o)
 .text.libgcc   0x00000000        0x0 d:/program files/atmel/studio/7.0/toolchain/avr8/avr8-gnu-toolchain/bin/../lib/gcc/avr/5.4.0/avr5\libgcc.a(_copy_data.o)
 .text.libgcc.prologue
                0x00000000        0x0 d:/program files/atmel/studio/7.0/toolchain/avr8/avr8-gnu-toolchain/bin/../lib/gcc/avr/5.4.0/avr5\libgcc.a(_copy_data.o)
 .text.libgcc.builtins
                0x00000000        0x0 d:/program files/atmel/studio/7.0/toolchain/avr8/avr8-gnu-toolchain/bin/../lib/gcc/avr/5.4.0/avr5\libgcc.a(_copy_data.o)
 .text.libgcc.fmul
                0x00000000        0x0 d:/program files/atmel/studio/7.0/toolchain/avr8/avr8-gnu-toolchain/bin/../lib/gcc/avr/5.4.0/avr5\libgcc.a(_copy_data.o)
 .text.libgcc.fixed
                0x00000000        0x0 d:/program files/atmel/studio/7.0/toolchain/avr8/avr8-gnu-toolchain/bin/../lib/gcc/avr/5.4.0/avr5\libgcc.a(_copy_data.o)
 .text          0x00000000        0x0 d:/program files/atmel/studio/7.0/toolchain/avr8/avr8-gnu-toolchain/bin/../lib/gcc/avr/5.4.0/avr5\libgcc.a(_clear_bss.o)
 .data          0x00000000        0x0 d:/program files/atmel/studio/7.0/toolchain/avr8/avr8-gnu-toolchain/bin/../lib/gcc/avr/5.4.0/avr5\libgcc.a(_clear_bss.o)
 .bss           0x00000000        0x0 d:/program files/atmel/studio/7.0/toolchain/avr8/avr8-gnu-toolchain/bin/../lib/gcc/avr/5.4.0/avr5\libgcc.a(_clear_bss.o)
 .text.libgcc.mul
                0x00000000        0x0 d:/program files/atmel/studio/7.0/toolchain/avr8/avr8-gnu-toolchain/bin/../lib/gcc/avr/5.4.0/avr5\libgcc.a(_clear_bss.o)
 .text.libgcc.div
                0x00000000        0x0 d:/program files/atmel/studio/7.0/toolchain/avr8/avr8-gnu-toolchain/bin/../lib/gcc/avr/5.4.0/avr5\libgcc.a(_clear_bss.o)
 .text.libgcc   0x00000000        0x0 d:/program files/atmel/studio/7.0/toolchain/avr8/avr8-gnu-toolchain/bin/../lib/gcc/avr/5.4.0/avr5\libgcc.a(_clear_bss.o)
 .text.libgcc.prologue
                0x00000000        0x0 d:/program files/atmel/studio/7.0/toolchain/avr8/avr8-gnu-toolchain/bin/../lib/gcc/avr/5.4.0/avr5\libgcc.a(_clear_bss.o)
 .text.libgcc.builtins
                0x00000000        0x0 d:/program files/atmel/studio/7.0/toolchain/avr8/avr8-gnu-toolchain/bin/../lib/gcc/avr/5.4.0/avr5\libgcc.a(_clear_bss.o)
 .text.libgcc.fmul
                0x00000000        0x0 d:/program files/atmel/studio/7.0/toolchain/avr8/avr8-gnu-toolchain/bin/../lib/gcc/avr/5.4.0/avr5\libgcc.a(_clear_bss.o)
 .text.libgcc.fixed
                0x00000000        0x0 d:/program files/atmel/studio/7.0/toolchain/avr8/avr8-gnu-toolchain/bin/../lib/gcc/avr/5.4.0/avr5\libgcc.a(_clear_bss.o)
 .text          0x00000000        0x0 d:/program files/atmel/studio/7.0/toolchain/avr8/avr8-gnu-toolchain/bin/../lib/gcc/avr/5.4.0/avr5\libgcc.a(_udivmodhi4.o)
 .data          0x00000000        0x0 d:/program files/atmel/studio/7.0/toolchain/avr8/avr8-gnu-toolchain/bin/../lib/gcc/avr/5.4.0/avr5\libgcc.a(_udivmodhi4.o)
 .bss           0x00000000        0x0 d:/program files/atmel/studio/7.0/toolchain/avr8/avr8-gnu-toolchain/bin/../lib/gcc/avr/5.4.0/avr5\libgcc.a(_udivmodhi4.o)
 .text.libgcc.mul
                0x00000000        0x0 d:/program files/atmel/studio/7.0/toolchain/avr8/avr8-gnu-toolchain/bin/../lib/gcc/avr/5.4.0/avr5\libgcc.a(_udivmodhi4.o)
 .text.libgcc   0x00000000        0x0 d:/program files/atmel/studio/7.0/toolchain/avr8/avr8-gnu-toolchain/bin/../lib/gcc/avr/5.4.0/avr5\libgcc.a(_udivmodhi4.o)
 .text.libgcc.prologue
                0x00000000        0x0 d:/program files/atmel/studio/7.0/toolchain/avr8/avr8-gnu-toolchain/bin/../lib/gcc/avr/5.4.0/avr5\libgcc.a(_udivmodhi4.o)
 .text.libgcc.builtins
                0x00000000        0x0 d:/program files/atmel/studio/7.0/toolchain/avr8/avr8-gnu-toolchain/bin/../lib/gcc/avr/5.4.0/avr5\libgcc.a(_udivmodhi4.o)
 .text.libgcc.fmul
                0x00000000        0x0 d:/program files/atmel/studio/7.0/toolchain/avr8/avr8-gnu-toolchain/bin/../lib/gcc/avr/5.4.0/avr5\libgcc.a(_udivmodhi4.o)
 .text.libgcc.fixed
                0x00000000        0x0 d:/program files/atmel/studio/7.0/toolchain/avr8/avr8-gnu-toolchain/bin/../lib/gcc/avr/5.4.0/avr5\libgcc.a(_udivmodhi4.o)

Memory Configuration

Name             Origin             Length             Attributes
text             0x00000000         0x00008000         xr
data             0x00800100         0x00000800         rw !x
eeprom           0x00810000         0x00000400         rw !x
fuse             0x00820000         0x00000003         rw !x
lock             0x00830000         0x00000400         rw !x
signature        0x00840000         0x00000400         rw !x
user_signatures  0x00850000         0x00000400         rw !x
*default*        0x00000000         0xffffffff

Linker script and memory map

Address of section .data set to 0x800100
LOAD D:/Program Files/Atmel/Studio/7.0/Packs/atmel/ATmega_DFP/1.6.364/gcc/dev/atmega328/avr5/crtatmega328.o
LOAD atmel_start.o
LOAD driver_isr.o
LOAD examples/src/i2c_master_example.o
LOAD main.o
LOAD src/ConvLib.o
LOAD src/driver_init.o
LOAD src/hwinterface.o
LOAD src/i2cmasterdrv.o
LOAD src/i2c_master.o
LOAD src/i2c_simple_master.o
LOAD src/i2c_types.o
LOAD src/lcdi2c.o
LOAD src/protected_io.o
START GROUP
LOAD d:/program files/atmel/studio/7.0/toolchain/avr8/avr8-gnu-toolchain/bin/../lib/gcc/avr/5.4.0/../../../../avr/lib/avr5\libm.a
END GROUP
START GROUP
LOAD d:/program files/atmel/studio/7.0/toolchain/avr8/avr8-gnu-toolchain/bin/../lib/gcc/avr/5.4.0/avr5\libgcc.a
LOAD d:/program files/atmel/studio/7.0/toolchain/avr8/avr8-gnu-toolchain/bin/../lib/gcc/avr/5.4.0/../../../../avr/lib/avr5\libm.a
LOAD d:/program files/atmel/studio/7.0/toolchain/avr8/avr8-gnu-toolchain/bin/../lib/gcc/avr/5.4.0/../../../../avr/lib/avr5\libc.a
LOAD D:/Program Files/Atmel/Studio/7.0/Packs/atmel/ATmega_DFP/1.6.364/gcc/dev/atmega328/avr5\libatmega328.a
END GROUP
                0x00000000                __TEXT_REGION_ORIGIN__ = DEFINED (__TEXT_REGION_ORIGIN__)?__TEXT_REGION_ORIGIN__:0x0
                [0x00800100]                __DATA_REGION_ORIGIN__ = DEFINED (__DATA_REGION_ORIGIN__)?__DATA_REGION_ORIGIN__:0x800060
                [0x00008000]                __TEXT_REGION_LENGTH__ = DEFINED (__TEXT_REGION_LENGTH__)?__TEXT_REGION_LENGTH__:0x20000
                [0x00000800]                __DATA_REGION_LENGTH__ = DEFINED (__DATA_REGION_LENGTH__)?__DATA_REGION_LENGTH__:0xffa0
                [0x00000400]                __EEPROM_REGION_LENGTH__ = DEFINED (__EEPROM_REGION_LENGTH__)?__EEPROM_REGION_LENGTH__:0x10000
                [0x00000003]                __FUSE_REGION_LENGTH__ = DEFINED (__FUSE_REGION_LENGTH__)?__FUSE_REGION_LENGTH__:0x400
                0x00000400                __LOCK_REGION_LENGTH__ = DEFINED (__LOCK_REGION_LENGTH__)?__LOCK_REGION_LENGTH__:0x400
                0x00000400                __SIGNATURE_REGION_LENGTH__ = DEFINED (__SIGNATURE_REGION_LENGTH__)?__SIGNATURE_REGION_LENGTH__:0x400
                0x00000400                __USER_SIGNATURE_REGION_LENGTH__ = DEFINED (__USER_SIGNATURE_REGION_LENGTH__)?__USER_SIGNATURE_REGION_LENGTH__:0x400

.hash
 *(.hash)

.dynsym
 *(.dynsym)

.dynstr
 *(.dynstr)

.gnu.version
 *(.gnu.version)

.gnu.version_d
 *(.gnu.version_d)

.gnu.version_r
 *(.gnu.version_r)

.rel.init
 *(.rel.init)

.rela.init
 *(.rela.init)

.rel.text
 *(.rel.text)
 *(.rel.text.*)
 *(.rel.gnu.linkonce.t*)

.rela.text
 *(.rela.text)
 *(.rela.text.*)
 *(.rela.gnu.linkonce.t*)

.rel.fini
 *(.rel.fini)

.rela.fini
 *(.rela.fini)

.rel.rodata
 *(.rel.rodata)
 *(.rel.rodata.*)
 *(.rel.gnu.linkonce.r*)

.rela.rodata
 *(.rela.rodata)
 *(.rela.rodata.*)
 *(.rela.gnu.linkonce.r*)

.rel.data
 *(.rel.data)
 *(.rel.data.*)
 *(.rel.gnu.linkonce.d*)

.rela.data
 *(.rela.data)
 *(.rela.data.*)
 *(.rela.gnu.linkonce.d*)

.rel.ctors
 *(.rel.ctors)

.rela.ctors
 *(.rela.ctors)

.rel.dtors
 *(.rel.dtors)

.rela.dtors
 *(.rela.dtors)

.rel.got
 *(.rel.got)

.rela.got
 *(.rela.got)

.rel.bss
 *(.rel.bss)

.rela.bss
 *(.rela.bss)

.rel.plt
 *(.rel.plt)

.rela.plt
 *(.rela.plt)

.text           0x00000000     0x1286
 *(.vectors)
 .vectors       0x00000000       0x68 D:/Program Files/Atmel/Studio/7.0/Packs/atmel/ATmega_DFP/1.6.364/gcc/dev/atmega328/avr5/crtatmega328.o
                0x00000000                __vector_default
                0x00000000                __vectors
 *(.vectors)
 *(.progmem.gcc*)
                0x00000068                . = ALIGN (0x2)
                0x00000068                __trampolines_start = .
 *(.trampolines)
 .trampolines   0x00000068        0x0 linker stubs
 *(.trampolines*)
                0x00000068                __trampolines_end = .
 *libprintf_flt.a:*(.progmem.data)
 *libc.a:*(.progmem.data)
 *(.progmem*)
                0x00000068                . = ALIGN (0x2)
 *(.jumptables)
 *(.jumptables*)
 *(.lowtext)
 *(.lowtext*)
                0x00000068                __ctors_start = .
 *(.ctors)
                0x00000068                __ctors_end = .
                0x00000068                __dtors_start = .
 *(.dtors)
                0x00000068                __dtors_end = .
 SORT(*)(.ctors)
 SORT(*)(.dtors)
 *(.init0)
 .init0         0x00000068        0x0 D:/Program Files/Atmel/Studio/7.0/Packs/atmel/ATmega_DFP/1.6.364/gcc/dev/atmega328/avr5/crtatmega328.o
                0x00000068                __init
 *(.init0)
 *(.init1)
 *(.init1)
 *(.init2)
 .init2         0x00000068        0xc D:/Program Files/Atmel/Studio/7.0/Packs/atmel/ATmega_DFP/1.6.364/gcc/dev/atmega328/avr5/crtatmega328.o
 *(.init2)
 *(.init3)
 *(.init3)
 *(.init4)
 .init4         0x00000074       0x16 d:/program files/atmel/studio/7.0/toolchain/avr8/avr8-gnu-toolchain/bin/../lib/gcc/avr/5.4.0/avr5\libgcc.a(_copy_data.o)
                0x00000074                __do_copy_data
 .init4         0x0000008a       0x10 d:/program files/atmel/studio/7.0/toolchain/avr8/avr8-gnu-toolchain/bin/../lib/gcc/avr/5.4.0/avr5\libgcc.a(_clear_bss.o)
                0x0000008a                __do_clear_bss
 *(.init4)
 *(.init5)
 *(.init5)
 *(.init6)
 *(.init6)
 *(.init7)
 *(.init7)
 *(.init8)
 *(.init8)
 *(.init9)
 .init9         0x0000009a        0x8 D:/Program Files/Atmel/Studio/7.0/Packs/atmel/ATmega_DFP/1.6.364/gcc/dev/atmega328/avr5/crtatmega328.o
 *(.init9)
 *(.text)
 .text          0x000000a2        0x4 D:/Program Files/Atmel/Studio/7.0/Packs/atmel/ATmega_DFP/1.6.364/gcc/dev/atmega328/avr5/crtatmega328.o
                0x000000a2                __vector_22
                0x000000a2                __vector_1
                0x000000a2                __vector_24
                0x000000a2                __vector_12
                0x000000a2                __bad_interrupt
                0x000000a2                __vector_6
                0x000000a2                __vector_3
                0x000000a2                __vector_23
                0x000000a2                __vector_25
                0x000000a2                __vector_11
                0x000000a2                __vector_13
                0x000000a2                __vector_17
                0x000000a2                __vector_19
                0x000000a2                __vector_7
                0x000000a2                __vector_5
                0x000000a2                __vector_4
                0x000000a2                __vector_9
                0x000000a2                __vector_2
                0x000000a2                __vector_21
                0x000000a2                __vector_15
                0x000000a2                __vector_8
                0x000000a2                __vector_14
                0x000000a2                __vector_10
                0x000000a2                __vector_16
                0x000000a2                __vector_18
                0x000000a2                __vector_20
                0x000000a6                . = ALIGN (0x2)
 *(.text.*)
 .text.atmel_start_init
                0x000000a6        0x6 atmel_start.o
                0x000000a6                atmel_start_init
 .text.DisplayFrontPage
                0x000000ac       0xac main.o
                0x000000ac                DisplayFrontPage
 .text.DisplaySettingsMenu
                0x00000158       0x88 main.o
                0x00000158                DisplaySettingsMenu
 .text.DisplayColourSelMenu
                0x000001e0      0x118 main.o
                0x000001e0                DisplayColourSelMenu
 .text.DisplayManualMixMenu
                0x000002f8       0xa8 main.o
                0x000002f8                DisplayManualMixMenu
 .text.main     0x000003a0       0x98 main.o
                0x000003a0                main
 .text.I2C_0_initialization
                0x00000438       0x36 src/driver_init.o
                0x00000438                I2C_0_initialization
 .text.system_init
                0x0000046e       0x3a src/driver_init.o
                0x0000046e                system_init
 .text.Writei2c
                0x000004a8        0x6 src/hwinterface.o
                0x000004a8                Writei2c
 .text.MsDelay  0x000004ae       0x16 src/hwinterface.o
                0x000004ae                MsDelay
 .text.uSDelay  0x000004c4       0x12 src/hwinterface.o
                0x000004c4                uSDelay
 .text.InitialiseI2C
                0x000004d6       0x30 src/i2cmasterdrv.o
                0x000004d6                InitialiseI2C
 .text.StartI2CWrite
                0x00000506       0x50 src/i2cmasterdrv.o
                0x00000506                StartI2CWrite
 .text.StopI2C  0x00000556        0xe src/i2cmasterdrv.o
                0x00000556                StopI2C
 .text.WriteI2Cbyte
                0x00000564       0x3e src/i2cmasterdrv.o
                0x00000564                WriteI2Cbyte
 .text.I2C_0_init
                0x000005a2       0x1c src/i2c_master.o
                0x000005a2                I2C_0_init
 .text.SwitchLEDOn
                0x000005be        0x8 src/lcdi2c.o
                0x000005be                SwitchLEDOn
 .text.PrintLCDChar
                0x000005c6       0xb2 src/lcdi2c.o
                0x000005c6                PrintLCDChar
 .text.PrintStringLCD
                0x00000678       0x34 src/lcdi2c.o
                0x00000678                PrintStringLCD
 .text.PrintIntegerLCD
                0x000006ac       0xf0 src/lcdi2c.o
                0x000006ac                PrintIntegerLCD
 .text.PrintFloatLCD
                0x0000079c      0x228 src/lcdi2c.o
                0x0000079c                PrintFloatLCD
 .text.WriteLCDCmdReg
                0x000009c4       0xa0 src/lcdi2c.o
                0x000009c4                WriteLCDCmdReg
 .text.ShiftCursorPos16x2
                0x00000a64       0x2e src/lcdi2c.o
                0x00000a64                ShiftCursorPos16x2
 .text.PrintLCDCharXY16x2
                0x00000a92       0x1e src/lcdi2c.o
                0x00000a92                PrintLCDCharXY16x2
 .text.PrintStringLCDXY16x2
                0x00000ab0       0x22 src/lcdi2c.o
                0x00000ab0                PrintStringLCDXY16x2
 .text.PrintIntegerLCDXY16x2
                0x00000ad2       0x22 src/lcdi2c.o
                0x00000ad2                PrintIntegerLCDXY16x2
 .text.PrintFloatLCDXY16x2
                0x00000af4       0x3e src/lcdi2c.o
                0x00000af4                PrintFloatLCDXY16x2
 .text.SwitchDisplayCursor
                0x00000b32       0x4a src/lcdi2c.o
                0x00000b32                SwitchDisplayCursor
 .text.SwitchLineNumMatrixState
                0x00000b7c       0x38 src/lcdi2c.o
                0x00000b7c                SwitchLineNumMatrixState
 .text.SelCursorMovement
                0x00000bb4       0x38 src/lcdi2c.o
                0x00000bb4                SelCursorMovement
 .text.ShiftDisplayCursrRight
                0x00000bec        0x8 src/lcdi2c.o
                0x00000bec                ShiftDisplayCursrRight
 .text.GoHome   0x00000bf4        0x8 src/lcdi2c.o
                0x00000bf4                GoHome
 .text.ClearDisplay16x2
                0x00000bfc       0x36 src/lcdi2c.o
                0x00000bfc                ClearDisplay16x2
 .text.ShiftCursorPos20x4
                0x00000c32       0x42 src/lcdi2c.o
                0x00000c32                ShiftCursorPos20x4
 .text.PrintLCDCharXY20x4
                0x00000c74       0x1e src/lcdi2c.o
                0x00000c74                PrintLCDCharXY20x4
 .text.ClearDisplay20x4
                0x00000c92       0x36 src/lcdi2c.o
                0x00000c92                ClearDisplay20x4
 .text.InitialiseLCD
                0x00000cc8      0x14c src/lcdi2c.o
                0x00000cc8                InitialiseLCD
 .text.PrintStringLCDXY20x4
                0x00000e14       0x22 src/lcdi2c.o
                0x00000e14                PrintStringLCDXY20x4
 .text.PrintIntegerLCDXY20x4
                0x00000e36       0x22 src/lcdi2c.o
                0x00000e36                PrintIntegerLCDXY20x4
 .text.PrintFloatLCDXY20x4
                0x00000e58       0x3e src/lcdi2c.o
                0x00000e58                PrintFloatLCDXY20x4
 .text.protected_write_io
                0x00000e96        0xe src/protected_io.o
                0x00000e96                protected_write_io
 .text.avr-libc.fplib
                0x00000ea4        0xe d:/program files/atmel/studio/7.0/toolchain/avr8/avr8-gnu-toolchain/bin/../lib/gcc/avr/5.4.0/../../../../avr/lib/avr5\libm.a(addsf3.o)
                0x00000ea4                __subsf3
                0x00000ea6                __addsf3
 .text.avr-libc.fplib
                0x00000eb2       0xcc d:/program files/atmel/studio/7.0/toolchain/avr8/avr8-gnu-toolchain/bin/../lib/gcc/avr/5.4.0/../../../../avr/lib/avr5\libm.a(addsf3x.o)
                0x00000ed4                __addsf3x
 .text.avr-libc.fplib
                0x00000f7e        0xa d:/program files/atmel/studio/7.0/toolchain/avr8/avr8-gnu-toolchain/bin/../lib/gcc/avr/5.4.0/../../../../avr/lib/avr5\libm.a(cmpsf2.o)
                0x00000f7e                __nesf2
                0x00000f7e                __eqsf2
                0x00000f7e                __cmpsf2
                0x00000f7e                __ltsf2
                0x00000f7e                __lesf2
 .text.avr-libc.fplib
                0x00000f88        0xe d:/program files/atmel/studio/7.0/toolchain/avr8/avr8-gnu-toolchain/bin/../lib/gcc/avr/5.4.0/../../../../avr/lib/avr5\libm.a(fixsfsi.o)
                0x00000f88                __fixsfsi
 .text.avr-libc.fplib
                0x00000f96       0x5e d:/program files/atmel/studio/7.0/toolchain/avr8/avr8-gnu-toolchain/bin/../lib/gcc/avr/5.4.0/../../../../avr/lib/avr5\libm.a(fixunssfsi.o)
                0x00000f96                __fixunssfsi
 .text.avr-libc.fplib
                0x00000ff4       0x7a d:/program files/atmel/studio/7.0/toolchain/avr8/avr8-gnu-toolchain/bin/../lib/gcc/avr/5.4.0/../../../../avr/lib/avr5\libm.a(floatsisf.o)
                0x00000ff4                __floatunsisf
                0x00000ff8                __floatsisf
 .text.avr-libc.fplib
                0x0000106e       0x48 d:/program files/atmel/studio/7.0/toolchain/avr8/avr8-gnu-toolchain/bin/../lib/gcc/avr/5.4.0/../../../../avr/lib/avr5\libm.a(fp_cmp.o)
                0x0000106e                __fp_cmp
 .text.avr-libc.fplib
                0x000010b6        0xc d:/program files/atmel/studio/7.0/toolchain/avr8/avr8-gnu-toolchain/bin/../lib/gcc/avr/5.4.0/../../../../avr/lib/avr5\libm.a(fp_inf.o)
                0x000010b6                __fp_inf
 .text.avr-libc.fplib
                0x000010c2        0x6 d:/program files/atmel/studio/7.0/toolchain/avr8/avr8-gnu-toolchain/bin/../lib/gcc/avr/5.4.0/../../../../avr/lib/avr5\libm.a(fp_nan.o)
                0x000010c2                __fp_nan
 .text.avr-libc.fplib
                0x000010c8        0xe d:/program files/atmel/studio/7.0/toolchain/avr8/avr8-gnu-toolchain/bin/../lib/gcc/avr/5.4.0/../../../../avr/lib/avr5\libm.a(fp_pscA.o)
                0x000010c8                __fp_pscA
 .text.avr-libc.fplib
                0x000010d6        0xe d:/program files/atmel/studio/7.0/toolchain/avr8/avr8-gnu-toolchain/bin/../lib/gcc/avr/5.4.0/../../../../avr/lib/avr5\libm.a(fp_pscB.o)
                0x000010d6                __fp_pscB
 .text.avr-libc.fplib
                0x000010e4       0x22 d:/program files/atmel/studio/7.0/toolchain/avr8/avr8-gnu-toolchain/bin/../lib/gcc/avr/5.4.0/../../../../avr/lib/avr5\libm.a(fp_round.o)
                0x000010e4                __fp_round
 .text.avr-libc.fplib
                0x00001106       0x44 d:/program files/atmel/studio/7.0/toolchain/avr8/avr8-gnu-toolchain/bin/../lib/gcc/avr/5.4.0/../../../../avr/lib/avr5\libm.a(fp_split3.o)
                0x00001106                __fp_split3
                0x00001116                __fp_splitA
 .text.avr-libc.fplib
                0x0000114a        0xe d:/program files/atmel/studio/7.0/toolchain/avr8/avr8-gnu-toolchain/bin/../lib/gcc/avr/5.4.0/../../../../avr/lib/avr5\libm.a(fp_zero.o)
                0x0000114a                __fp_zero
                0x0000114c                __fp_szero
 .text.avr-libc.fplib
                0x00001158        0x8 d:/program files/atmel/studio/7.0/toolchain/avr8/avr8-gnu-toolchain/bin/../lib/gcc/avr/5.4.0/../../../../avr/lib/avr5\libm.a(mulsf3.o)
                0x00001158                __mulsf3
 .text.avr-libc.fplib
                0x00001160       0xd2 d:/program files/atmel/studio/7.0/toolchain/avr8/avr8-gnu-toolchain/bin/../lib/gcc/avr/5.4.0/../../../../avr/lib/avr5\libm.a(mulsf3x.o)
                0x0000117e                __mulsf3x
                0x00001184                __mulsf3_pse
 .text.libgcc.div
                0x00001232       0x28 d:/program files/atmel/studio/7.0/toolchain/avr8/avr8-gnu-toolchain/bin/../lib/gcc/avr/5.4.0/avr5\libgcc.a(_divmodhi4.o)
                0x00001232                _div
                0x00001232                __divmodhi4
 .text.libgcc.div
                0x0000125a       0x28 d:/program files/atmel/studio/7.0/toolchain/avr8/avr8-gnu-toolchain/bin/../lib/gcc/avr/5.4.0/avr5\libgcc.a(_udivmodhi4.o)
                0x0000125a                __udivmodhi4
                0x00001282                . = ALIGN (0x2)
 *(.fini9)
 .fini9         0x00001282        0x0 d:/program files/atmel/studio/7.0/toolchain/avr8/avr8-gnu-toolchain/bin/../lib/gcc/avr/5.4.0/avr5\libgcc.a(_exit.o)
                0x00001282                _exit
                0x00001282                exit
 *(.fini9)
 *(.fini8)
 *(.fini8)
 *(.fini7)
 *(.fini7)
 *(.fini6)
 *(.fini6)
 *(.fini5)
 *(.fini5)
 *(.fini4)
 *(.fini4)
 *(.fini3)
 *(.fini3)
 *(.fini2)
 *(.fini2)
 *(.fini1)
 *(.fini1)
 *(.fini0)
 .fini0         0x00001282        0x4 d:/program files/atmel/studio/7.0/toolchain/avr8/avr8-gnu-toolchain/bin/../lib/gcc/avr/5.4.0/avr5\libgcc.a(_exit.o)
 *(.fini0)
                0x00001286                _etext = .

.data           0x00800100       0xe8 load address 0x00001286
                0x00800100                PROVIDE (__data_start, .)
 *(.data)
 *(.data*)
 .data.colouritems
                0x00800100        0xe main.o
                0x00800100                colouritems
 .data.colourSelTitle
                0x0080010e        0x2 main.o
                0x0080010e                colourSelTitle
 .data.manualmixItems
                0x00800110        0x8 main.o
                0x00800110                manualmixItems
 .data.manualmixTitle
                0x00800118        0x2 main.o
                0x00800118                manualmixTitle
 .data.settingsItems
                0x0080011a        0x6 main.o
                0x0080011a                settingsItems
 .data.settingsTitle
                0x00800120        0x2 main.o
                0x00800120                settingsTitle
 .data.frontPageItems
                0x00800122        0x8 main.o
                0x00800122                frontPageItems
 .data.frontPageTitle
                0x0080012a        0x2 main.o
                0x0080012a                frontPageTitle
 .data.cursorPositionX
                0x0080012c        0x1 main.o
                0x0080012c                cursorPositionX
 .data.currentPage
                0x0080012d        0x1 main.o
                0x0080012d                currentPage
 .data.roundup  0x0080012e       0x2c src/lcdi2c.o
                0x0080012e                roundup
 *(.gnu.linkonce.d*)
 *(.rodata)
 *(.rodata*)
 .rodata.str1.1
                0x0080015a       0x8d main.o
                                 0x9e (size before relaxing)
 *(.gnu.linkonce.r*)
                0x008001e8                . = ALIGN (0x2)
 *fill*         0x008001e7        0x1 
                0x008001e8                _edata = .
                0x008001e8                PROVIDE (__data_end, .)

.bss            0x008001e8       0x37
                0x008001e8                PROVIDE (__bss_start, .)
 *(.bss)
 *(.bss*)
 .bss.cursorPositionY
                0x008001e8        0x1 main.o
                0x008001e8                cursorPositionY
 .bss.testVal   0x008001e9        0x2 main.o
                0x008001e9                testVal
 .bss.lcdPortCmd
                0x008001eb        0x1 src/lcdi2c.o
                0x008001eb                lcdPortCmd
 *(COMMON)
 COMMON         0x008001ec       0x33 main.o
                0x008001ec                cwFlag
                0x008001ed                ccwFlag
                0x008001ee                lcdLarge
                0x0080021f                PROVIDE (__bss_end, .)
                0x00001286                __data_load_start = LOADADDR (.data)
                0x0000136e                __data_load_end = (__data_load_start + SIZEOF (.data))

.noinit         0x0080021f        0x0
                [!provide]                PROVIDE (__noinit_start, .)
 *(.noinit*)
                [!provide]                PROVIDE (__noinit_end, .)
                0x0080021f                _end = .
                [!provide]                PROVIDE (__heap_start, .)

.eeprom         0x00810000        0x0
 *(.eeprom*)
                0x00810000                __eeprom_end = .

.fuse
 *(.fuse)
 *(.lfuse)
 *(.hfuse)
 *(.efuse)

.lock
 *(.lock*)

.signature
 *(.signature*)

.user_signatures
 *(.user_signatures*)

.stab
 *(.stab)

.stabstr
 *(.stabstr)

.stab.excl
 *(.stab.excl)

.stab.exclstr
 *(.stab.exclstr)

.stab.index
 *(.stab.index)

.stab.indexstr
 *(.stab.indexstr)

.comment        0x00000000       0x30
 *(.comment)
 .comment       0x00000000       0x30 atmel_start.o
                                 0x31 (size before relaxing)
 .comment       0x00000030       0x31 main.o
 .comment       0x00000030       0x31 src/driver_init.o
 .comment       0x00000030       0x31 src/hwinterface.o
 .comment       0x00000030       0x31 src/i2cmasterdrv.o
 .comment       0x00000030       0x31 src/i2c_master.o
 .comment       0x00000030       0x31 src/lcdi2c.o

.note.gnu.avr.deviceinfo
                0x00000000       0x3c
 .note.gnu.avr.deviceinfo
                0x00000000       0x3c D:/Program Files/Atmel/Studio/7.0/Packs/atmel/ATmega_DFP/1.6.364/gcc/dev/atmega328/avr5/crtatmega328.o

.note.gnu.build-id
 *(.note.gnu.build-id)

.debug
 *(.debug)

.line
 *(.line)

.debug_srcinfo
 *(.debug_srcinfo)

.debug_sfnames
 *(.debug_sfnames)

.debug_aranges  0x00000000      0x3a8
 *(.debug_aranges)
 .debug_aranges
                0x00000000       0x20 atmel_start.o
 .debug_aranges
                0x00000020       0x50 main.o
 .debug_aranges
                0x00000070       0x28 src/driver_init.o
 .debug_aranges
                0x00000098       0x48 src/hwinterface.o
 .debug_aranges
                0x000000e0       0x38 src/i2cmasterdrv.o
 .debug_aranges
                0x00000118      0x148 src/i2c_master.o
 .debug_aranges
                0x00000260      0x128 src/lcdi2c.o
 .debug_aranges
                0x00000388       0x20 src/protected_io.o

.debug_pubnames
 *(.debug_pubnames)

.debug_info     0x00000000     0x437b
 *(.debug_info .gnu.linkonce.wi.*)
 .debug_info    0x00000000      0x5f4 D:/Program Files/Atmel/Studio/7.0/Packs/atmel/ATmega_DFP/1.6.364/gcc/dev/atmega328/avr5/crtatmega328.o
 .debug_info    0x000005f4       0x9a atmel_start.o
 .debug_info    0x0000068e      0xd39 main.o
 .debug_info    0x000013c7      0x4fb src/driver_init.o
 .debug_info    0x000018c2      0x2cd src/hwinterface.o
 .debug_info    0x00001b8f      0x18d src/i2cmasterdrv.o
 .debug_info    0x00001d1c      0xc3d src/i2c_master.o
 .debug_info    0x00002959     0x19a0 src/lcdi2c.o
 .debug_info    0x000042f9       0x82 src/protected_io.o

.debug_abbrev   0x00000000     0x111d
 *(.debug_abbrev)
 .debug_abbrev  0x00000000      0x5a2 D:/Program Files/Atmel/Studio/7.0/Packs/atmel/ATmega_DFP/1.6.364/gcc/dev/atmega328/avr5/crtatmega328.o
 .debug_abbrev  0x000005a2       0x63 atmel_start.o
 .debug_abbrev  0x00000605      0x231 main.o
 .debug_abbrev  0x00000836      0x145 src/driver_init.o
 .debug_abbrev  0x0000097b      0x15d src/hwinterface.o
 .debug_abbrev  0x00000ad8       0xf9 src/i2cmasterdrv.o
 .debug_abbrev  0x00000bd1      0x340 src/i2c_master.o
 .debug_abbrev  0x00000f11      0x1f8 src/lcdi2c.o
 .debug_abbrev  0x00001109       0x14 src/protected_io.o

.debug_line     0x00000000     0x1f2a
 *(.debug_line .debug_line.* .debug_line_end)
 .debug_line    0x00000000      0x134 D:/Program Files/Atmel/Studio/7.0/Packs/atmel/ATmega_DFP/1.6.364/gcc/dev/atmega328/avr5/crtatmega328.o
 .debug_line    0x00000134       0x60 atmel_start.o
 .debug_line    0x00000194      0x3de main.o
 .debug_line    0x00000572      0x1a0 src/driver_init.o
 .debug_line    0x00000712      0x1cb src/hwinterface.o
 .debug_line    0x000008dd      0x1b8 src/i2cmasterdrv.o
 .debug_line    0x00000a95      0x8fd src/i2c_master.o
 .debug_line    0x00001392      0xb31 src/lcdi2c.o
 .debug_line    0x00001ec3       0x67 src/protected_io.o

.debug_frame    0x00000000      0x8a8
 *(.debug_frame)
 .debug_frame   0x00000000       0x24 atmel_start.o
 .debug_frame   0x00000024       0xe4 main.o
 .debug_frame   0x00000108       0x34 src/driver_init.o
 .debug_frame   0x0000013c       0x74 src/hwinterface.o
 .debug_frame   0x000001b0       0x5c src/i2cmasterdrv.o
 .debug_frame   0x0000020c      0x280 src/i2c_master.o
 .debug_frame   0x0000048c      0x41c src/lcdi2c.o

.debug_str      0x00000000     0x1531
 *(.debug_str)
 .debug_str     0x00000000      0x208 D:/Program Files/Atmel/Studio/7.0/Packs/atmel/ATmega_DFP/1.6.364/gcc/dev/atmega328/avr5/crtatmega328.o
 .debug_str     0x00000208      0x154 atmel_start.o
                                0x18d (size before relaxing)
 .debug_str     0x0000035c      0x6de main.o
                                0x812 (size before relaxing)
 .debug_str     0x00000a3a      0x192 src/driver_init.o
                                0x323 (size before relaxing)
 .debug_str     0x00000bcc       0xdd src/hwinterface.o
                                0x242 (size before relaxing)
 .debug_str     0x00000ca9       0x75 src/i2cmasterdrv.o
                                0x220 (size before relaxing)
 .debug_str     0x00000d1e      0x591 src/i2c_master.o
                                0x85b (size before relaxing)
 .debug_str     0x000012af      0x282 src/lcdi2c.o
                                0x8cc (size before relaxing)

.debug_loc      0x00000000     0x2b66
 *(.debug_loc)
 .debug_loc     0x00000000      0x617 main.o
 .debug_loc     0x00000617      0x16b src/driver_init.o
 .debug_loc     0x00000782      0x15e src/hwinterface.o
 .debug_loc     0x000008e0       0xed src/i2cmasterdrv.o
 .debug_loc     0x000009cd      0x5c9 src/i2c_master.o
 .debug_loc     0x00000f96     0x1bd0 src/lcdi2c.o

.debug_macinfo
 *(.debug_macinfo)

.debug_weaknames
 *(.debug_weaknames)

.debug_funcnames
 *(.debug_funcnames)

.debug_typenames
 *(.debug_typenames)

.debug_varnames
 *(.debug_varnames)

.debug_pubtypes
 *(.debug_pubtypes)

.debug_ranges   0x00000000      0x3d8
 *(.debug_ranges)
 .debug_ranges  0x00000000       0x10 atmel_start.o
 .debug_ranges  0x00000010      0x100 main.o
 .debug_ranges  0x00000110       0x18 src/driver_init.o
 .debug_ranges  0x00000128       0x38 src/hwinterface.o
 .debug_ranges  0x00000160       0x28 src/i2cmasterdrv.o
 .debug_ranges  0x00000188      0x138 src/i2c_master.o
 .debug_ranges  0x000002c0      0x118 src/lcdi2c.o

.debug_macro
 *(.debug_macro)
OUTPUT(lcdi2cTest.elf elf32-avr)
LOAD linker stubs
